[ 15%] Built target shaders_spirv
[ 20%] Building CXX object CMakeFiles/sisterapp.dir/src/core/application.cpp.o
[ 20%] Building CXX object CMakeFiles/sisterapp.dir/main.cpp.o
[ 22%] Building CXX object CMakeFiles/sisterapp.dir/src/terrain/terrain_generator.cpp.o
[ 24%] Building CXX object CMakeFiles/sisterapp.dir/src/terrain/hydrology_report.cpp.o
/run/media/jpereiratrindade/labeco10T/dev/cpp/SisterAppEngine_base_v330/src/terrain/terrain_generator.cpp:26: warning: ignoring ‘#pragma omp parallel’ [-Wunknown-pragmas]
   26 |     #pragma omp parallel for collapse(2)
/run/media/jpereiratrindade/labeco10T/dev/cpp/SisterAppEngine_base_v330/src/terrain/terrain_generator.cpp:141: warning: ignoring ‘#pragma omp parallel’ [-Wunknown-pragmas]
  141 |     #pragma omp parallel for collapse(2)
/run/media/jpereiratrindade/labeco10T/dev/cpp/SisterAppEngine_base_v330/src/terrain/terrain_generator.cpp: In constructor ‘terrain::TerrainGenerator::TerrainGenerator(int)’:
/run/media/jpereiratrindade/labeco10T/dev/cpp/SisterAppEngine_base_v330/src/terrain/terrain_generator.cpp:8:55: warning: conversion to ‘unsigned int’ from ‘int’ may change the sign of the result [-Wsign-conversion]
    8 | TerrainGenerator::TerrainGenerator(int seed) : noise_(seed), seed_(seed) {
      |                                                       ^~~~
/run/media/jpereiratrindade/labeco10T/dev/cpp/SisterAppEngine_base_v330/src/terrain/terrain_generator.cpp: In member function ‘void terrain::TerrainGenerator::generateBaseTerrain(terrain::TerrainMap&, const terrain::TerrainConfig&)’:
/run/media/jpereiratrindade/labeco10T/dev/cpp/SisterAppEngine_base_v330/src/terrain/terrain_generator.cpp:15:16: error: ‘class math::PerlinNoise’ has no member named ‘SetSeed’
   15 |         noise_.SetSeed(seed_);
      |                ^~~~~~~
/run/media/jpereiratrindade/labeco10T/dev/cpp/SisterAppEngine_base_v330/src/terrain/terrain_generator.cpp: In member function ‘void terrain::TerrainGenerator::calculateDrainage(terrain::TerrainMap&)’:
/run/media/jpereiratrindade/labeco10T/dev/cpp/SisterAppEngine_base_v330/src/terrain/terrain_generator.cpp:72:33: warning: conversion to ‘std::vector<int>::size_type’ {aka ‘long unsigned int’} from ‘int’ may change the sign of the result [-Wsign-conversion]
   72 |     std::vector<int> downstream(size, -1);
      |                                 ^~~~
/run/media/jpereiratrindade/labeco10T/dev/cpp/SisterAppEngine_base_v330/src/terrain/terrain_generator.cpp:75:36: warning: conversion to ‘std::vector<int>::size_type’ {aka ‘long unsigned int’} from ‘int’ may change the sign of the result [-Wsign-conversion]
   75 |     std::vector<int> sortedIndices(size);
      |                                    ^~~~
/run/media/jpereiratrindade/labeco10T/dev/cpp/SisterAppEngine_base_v330/src/terrain/terrain_generator.cpp:76:45: warning: conversion to ‘std::vector<int>::size_type’ {aka ‘long unsigned int’} from ‘int’ may change the sign of the result [-Wsign-conversion]
   76 |     for(int i=0; i<size; ++i) sortedIndices[i] = i;
      |                                             ^
/run/media/jpereiratrindade/labeco10T/dev/cpp/SisterAppEngine_base_v330/src/terrain/terrain_generator.cpp: In lambda function:
/run/media/jpereiratrindade/labeco10T/dev/cpp/SisterAppEngine_base_v330/src/terrain/terrain_generator.cpp:80:26: warning: conversion to ‘std::vector<float>::size_type’ {aka ‘long unsigned int’} from ‘int’ may change the sign of the result [-Wsign-conversion]
   80 |         return heightMap[a] > heightMap[b];
      |                          ^
/run/media/jpereiratrindade/labeco10T/dev/cpp/SisterAppEngine_base_v330/src/terrain/terrain_generator.cpp:80:41: warning: conversion to ‘std::vector<float>::size_type’ {aka ‘long unsigned int’} from ‘int’ may change the sign of the result [-Wsign-conversion]
   80 |         return heightMap[a] > heightMap[b];
      |                                         ^
/run/media/jpereiratrindade/labeco10T/dev/cpp/SisterAppEngine_base_v330/src/terrain/terrain_generator.cpp: In member function ‘void terrain::TerrainGenerator::calculateDrainage(terrain::TerrainMap&)’:
/run/media/jpereiratrindade/labeco10T/dev/cpp/SisterAppEngine_base_v330/src/terrain/terrain_generator.cpp:92:40: warning: conversion to ‘std::vector<float>::size_type’ {aka ‘long unsigned int’} from ‘int’ may change the sign of the result [-Wsign-conversion]
   92 |             float currentH = heightMap[idx];
      |                                        ^~~
/run/media/jpereiratrindade/labeco10T/dev/cpp/SisterAppEngine_base_v330/src/terrain/terrain_generator.cpp:105:66: warning: conversion to ‘std::vector<float>::size_type’ {aka ‘long unsigned int’} from ‘int’ may change the sign of the result [-Wsign-conversion]
  105 |                         float drop = currentH - heightMap[ny * w + nx];
      |                                                           ~~~~~~~^~~~
/run/media/jpereiratrindade/labeco10T/dev/cpp/SisterAppEngine_base_v330/src/terrain/terrain_generator.cpp:119:24: warning: conversion to ‘std::vector<int>::size_type’ {aka ‘long unsigned int’} from ‘int’ may change the sign of the result [-Wsign-conversion]
  119 |             downstream[idx] = receiver;
      |                        ^~~
/run/media/jpereiratrindade/labeco10T/dev/cpp/SisterAppEngine_base_v330/src/terrain/terrain_generator.cpp:121:30: warning: conversion to ‘std::vector<int>::size_type’ {aka ‘long unsigned int’} from ‘int’ may change the sign of the result [-Wsign-conversion]
  121 |             map.flowDirMap()[idx] = receiver;
      |                              ^~~
/run/media/jpereiratrindade/labeco10T/dev/cpp/SisterAppEngine_base_v330/src/terrain/terrain_generator.cpp:127:41: warning: conversion to ‘std::vector<int>::size_type’ {aka ‘long unsigned int’} from ‘int’ may change the sign of the result [-Wsign-conversion]
  127 |         int receiver = map.flowDirMap()[idx];
      |                                         ^~~
/run/media/jpereiratrindade/labeco10T/dev/cpp/SisterAppEngine_base_v330/src/terrain/terrain_generator.cpp:129:27: warning: conversion to ‘std::vector<float>::size_type’ {aka ‘long unsigned int’} from ‘int’ may change the sign of the result [-Wsign-conversion]
  129 |             map.fluxMap()[receiver] += map.fluxMap()[idx];
      |                           ^~~~~~~~
/run/media/jpereiratrindade/labeco10T/dev/cpp/SisterAppEngine_base_v330/src/terrain/terrain_generator.cpp:129:54: warning: conversion to ‘std::vector<float>::size_type’ {aka ‘long unsigned int’} from ‘int’ may change the sign of the result [-Wsign-conversion]
  129 |             map.fluxMap()[receiver] += map.fluxMap()[idx];
      |                                                      ^~~
/run/media/jpereiratrindade/labeco10T/dev/cpp/SisterAppEngine_base_v330/src/terrain/hydrology_report.cpp: In static member function ‘static float terrain::HydrologyReport::calculateSlope(const terrain::TerrainMap&, int, int)’:
/run/media/jpereiratrindade/labeco10T/dev/cpp/SisterAppEngine_base_v330/src/terrain/hydrology_report.cpp:16:12: warning: unused variable ‘scale’ [-Wunused-variable]
   16 |      float scale = 1.0f; // Assuming 1.0 scale if not exposed, but usually passed or 1.
      |            ^~~~~
/run/media/jpereiratrindade/labeco10T/dev/cpp/SisterAppEngine_base_v330/src/terrain/hydrology_report.cpp:24:15: warning: unused variable ‘w’ [-Wunused-variable]
   24 |     const int w = map.getWidth();
      |               ^
/run/media/jpereiratrindade/labeco10T/dev/cpp/SisterAppEngine_base_v330/src/terrain/hydrology_report.cpp:25:15: warning: unused variable ‘h’ [-Wunused-variable]
   25 |     const int h = map.getHeight();
      |               ^
/run/media/jpereiratrindade/labeco10T/dev/cpp/SisterAppEngine_base_v330/src/terrain/hydrology_report.cpp: In static member function ‘static terrain::HydrologyStats terrain::HydrologyReport::analyze(const terrain::TerrainMap&, float, float)’:
/run/media/jpereiratrindade/labeco10T/dev/cpp/SisterAppEngine_base_v330/src/terrain/hydrology_report.cpp:104:72: warning: conversion to ‘std::vector<int>::size_type’ {aka ‘long unsigned int’} from ‘int’ may change the sign of the result [-Wsign-conversion]
  104 |             int bid = !map.watershedMap().empty() ? map.watershedMap()[idx] : 0;
      |                                                                        ^~~
/run/media/jpereiratrindade/labeco10T/dev/cpp/SisterAppEngine_base_v330/src/terrain/hydrology_report.cpp:144:81: warning: conversion to ‘std::vector<int>::size_type’ {aka ‘long unsigned int’} from ‘int’ may change the sign of the result [-Wsign-conversion]
  144 |                 int receiver = map.flowDirMap().empty() ? -1 : map.flowDirMap()[idx];
      |                                                                                 ^~~
/run/media/jpereiratrindade/labeco10T/dev/cpp/SisterAppEngine_base_v330/src/terrain/hydrology_report.cpp:238:25: warning: conversion from ‘int’ to ‘float’ may change value [-Wconversion]
  238 |     float totalAreaM2 = count * cellArea;
      |                         ^~~~~
/run/media/jpereiratrindade/labeco10T/dev/cpp/SisterAppEngine_base_v330/src/terrain/hydrology_report.cpp:264:36: warning: conversion from ‘int’ to ‘float’ may change value [-Wconversion]
  264 |             float basinAreaM2 = bs.areaCells * cellArea;
      |                                 ~~~^~~~~~~~~
/run/media/jpereiratrindade/labeco10T/dev/cpp/SisterAppEngine_base_v330/src/terrain/hydrology_report.cpp:286:55: warning: conversion to ‘std::vector<terrain::HydrologyStats>::size_type’ {aka ‘long unsigned int’} from ‘int’ may change the sign of the result [-Wsign-conversion]
  286 |             globalStats.topBasins.push_back(allBasins[i]);
      |                                                       ^
/run/media/jpereiratrindade/labeco10T/dev/cpp/SisterAppEngine_base_v330/src/terrain/hydrology_report.cpp: At global scope:
/run/media/jpereiratrindade/labeco10T/dev/cpp/SisterAppEngine_base_v330/src/terrain/hydrology_report.cpp:293:6: error: no declaration matches ‘bool terrain::HydrologyReport::generateToFile(const terrain::TerrainMap&, const std::string&)’
  293 | bool HydrologyReport::generateToFile(const TerrainMap& map, const std::string& filepath) {
      |      ^~~~~~~~~~~~~~~
In file included from /run/media/jpereiratrindade/labeco10T/dev/cpp/SisterAppEngine_base_v330/src/terrain/hydrology_report.cpp:1:
/run/media/jpereiratrindade/labeco10T/dev/cpp/SisterAppEngine_base_v330/src/terrain/hydrology_report.h:68:17: note: candidate is: ‘static bool terrain::HydrologyReport::generateToFile(const terrain::TerrainMap&, float, const std::string&)’
   68 |     static bool generateToFile(const TerrainMap& map, float resolution, const std::string& filepath);
      |                 ^~~~~~~~~~~~~~
/run/media/jpereiratrindade/labeco10T/dev/cpp/SisterAppEngine_base_v330/src/terrain/hydrology_report.h:61:7: note: ‘class terrain::HydrologyReport’ defined here
   61 | class HydrologyReport {
      |       ^~~~~~~~~~~~~~~
/run/media/jpereiratrindade/labeco10T/dev/cpp/SisterAppEngine_base_v330/src/terrain/hydrology_report.cpp:403:2: error: expected ‘}’ at end of input
  403 | } // namespace terrain
      |  ^
/run/media/jpereiratrindade/labeco10T/dev/cpp/SisterAppEngine_base_v330/src/terrain/hydrology_report.cpp:11:19: note: to match this ‘{’
   11 | namespace terrain {
      |                   ^
make[2]: *** [CMakeFiles/sisterapp.dir/build.make:541: CMakeFiles/sisterapp.dir/src/terrain/terrain_generator.cpp.o] Error 1
make[2]: ** Esperando que outros processos terminem.
make[2]: *** [CMakeFiles/sisterapp.dir/build.make:569: CMakeFiles/sisterapp.dir/src/terrain/hydrology_report.cpp.o] Error 1
In file included from /run/media/jpereiratrindade/labeco10T/dev/cpp/SisterAppEngine_base_v330/main.cpp:1:
/run/media/jpereiratrindade/labeco10T/dev/cpp/SisterAppEngine_base_v330/src/core/application.h:186:28: error: redeclaration of ‘bool core::Application::regenRequested_’
  186 |     bool regenRequested_ = false;
      |                            ^~~~~
/run/media/jpereiratrindade/labeco10T/dev/cpp/SisterAppEngine_base_v330/src/core/application.h:98:10: note: previous declaration ‘bool core::Application::regenRequested_’
   98 |     bool regenRequested_ = false;
      |          ^~~~~~~~~~~~~~~
/run/media/jpereiratrindade/labeco10T/dev/cpp/SisterAppEngine_base_v330/src/core/application.h:187:30: error: redeclaration of ‘int core::Application::deferredRegenSize_’
  187 |     int deferredRegenSize_ = 1024;
      |                              ^~~~
/run/media/jpereiratrindade/labeco10T/dev/cpp/SisterAppEngine_base_v330/src/core/application.h:99:9: note: previous declaration ‘int core::Application::deferredRegenSize_’
   99 |     int deferredRegenSize_ = 1024;
      |         ^~~~~~~~~~~~~~~~~~
/run/media/jpereiratrindade/labeco10T/dev/cpp/SisterAppEngine_base_v330/src/core/application.h:188:33: error: redeclaration of ‘float core::Application::deferredRegenScale_’
  188 |     float deferredRegenScale_ = 0.002f;
      |                                 ^~~~~~
/run/media/jpereiratrindade/labeco10T/dev/cpp/SisterAppEngine_base_v330/src/core/application.h:100:11: note: previous declaration ‘float core::Application::deferredRegenScale_’
  100 |     float deferredRegenScale_ = 0.002f;
      |           ^~~~~~~~~~~~~~~~~~~
/run/media/jpereiratrindade/labeco10T/dev/cpp/SisterAppEngine_base_v330/src/core/application.h:189:37: error: redeclaration of ‘float core::Application::deferredRegenAmplitude_’
  189 |     float deferredRegenAmplitude_ = 100.0f; // v3.5.1
      |                                     ^~~~~~
/run/media/jpereiratrindade/labeco10T/dev/cpp/SisterAppEngine_base_v330/src/core/application.h:101:11: note: previous declaration ‘float core::Application::deferredRegenAmplitude_’
  101 |     float deferredRegenAmplitude_ = 100.0f; // v3.5.1
      |           ^~~~~~~~~~~~~~~~~~~~~~~
/run/media/jpereiratrindade/labeco10T/dev/cpp/SisterAppEngine_base_v330/src/core/application.h:190:38: error: redeclaration of ‘float core::Application::deferredRegenResolution_’
  190 |     float deferredRegenResolution_ = 1.0f; // v3.6.5
      |                                      ^~~~
/run/media/jpereiratrindade/labeco10T/dev/cpp/SisterAppEngine_base_v330/src/core/application.h:102:11: note: previous declaration ‘float core::Application::deferredRegenResolution_’
  102 |     float deferredRegenResolution_ = 1.0f; // v3.6.5
      |           ^~~~~~~~~~~~~~~~~~~~~~~~
/run/media/jpereiratrindade/labeco10T/dev/cpp/SisterAppEngine_base_v330/src/core/application.h:191:39: error: redeclaration of ‘float core::Application::deferredRegenPersistence_’
  191 |     float deferredRegenPersistence_ = 0.5f; // v3.7.1
      |                                       ^~~~
/run/media/jpereiratrindade/labeco10T/dev/cpp/SisterAppEngine_base_v330/src/core/application.h:103:11: note: previous declaration ‘float core::Application::deferredRegenPersistence_’
  103 |     float deferredRegenPersistence_ = 0.5f; // v3.7.1
      |           ^~~~~~~~~~~~~~~~~~~~~~~~~
/run/media/jpereiratrindade/labeco10T/dev/cpp/SisterAppEngine_base_v330/src/core/application.h:192:30: error: redeclaration of ‘float core::Application::worldResolution_’
  192 |     float worldResolution_ = 1.0f; // v3.6.5 Current active resolution
      |                              ^~~~
/run/media/jpereiratrindade/labeco10T/dev/cpp/SisterAppEngine_base_v330/src/core/application.h:106:11: note: previous declaration ‘float core::Application::worldResolution_’
  106 |     float worldResolution_ = 1.0f; // v3.6.5 Current active resolution
      |           ^~~~~~~~~~~~~~~~
In file included from /run/media/jpereiratrindade/labeco10T/dev/cpp/SisterAppEngine_base_v330/src/core/application.cpp:1:
/run/media/jpereiratrindade/labeco10T/dev/cpp/SisterAppEngine_base_v330/src/core/application.h:186:28: error: redeclaration of ‘bool core::Application::regenRequested_’
  186 |     bool regenRequested_ = false;
      |                            ^~~~~
/run/media/jpereiratrindade/labeco10T/dev/cpp/SisterAppEngine_base_v330/src/core/application.h:98:10: note: previous declaration ‘bool core::Application::regenRequested_’
   98 |     bool regenRequested_ = false;
      |          ^~~~~~~~~~~~~~~
/run/media/jpereiratrindade/labeco10T/dev/cpp/SisterAppEngine_base_v330/src/core/application.h:187:30: error: redeclaration of ‘int core::Application::deferredRegenSize_’
  187 |     int deferredRegenSize_ = 1024;
      |                              ^~~~
/run/media/jpereiratrindade/labeco10T/dev/cpp/SisterAppEngine_base_v330/src/core/application.h:99:9: note: previous declaration ‘int core::Application::deferredRegenSize_’
   99 |     int deferredRegenSize_ = 1024;
      |         ^~~~~~~~~~~~~~~~~~
/run/media/jpereiratrindade/labeco10T/dev/cpp/SisterAppEngine_base_v330/src/core/application.h:188:33: error: redeclaration of ‘float core::Application::deferredRegenScale_’
  188 |     float deferredRegenScale_ = 0.002f;
      |                                 ^~~~~~
/run/media/jpereiratrindade/labeco10T/dev/cpp/SisterAppEngine_base_v330/src/core/application.h:100:11: note: previous declaration ‘float core::Application::deferredRegenScale_’
  100 |     float deferredRegenScale_ = 0.002f;
      |           ^~~~~~~~~~~~~~~~~~~
/run/media/jpereiratrindade/labeco10T/dev/cpp/SisterAppEngine_base_v330/src/core/application.h:189:37: error: redeclaration of ‘float core::Application::deferredRegenAmplitude_’
  189 |     float deferredRegenAmplitude_ = 100.0f; // v3.5.1
      |                                     ^~~~~~
/run/media/jpereiratrindade/labeco10T/dev/cpp/SisterAppEngine_base_v330/src/core/application.h:101:11: note: previous declaration ‘float core::Application::deferredRegenAmplitude_’
  101 |     float deferredRegenAmplitude_ = 100.0f; // v3.5.1
      |           ^~~~~~~~~~~~~~~~~~~~~~~
/run/media/jpereiratrindade/labeco10T/dev/cpp/SisterAppEngine_base_v330/src/core/application.h:190:38: error: redeclaration of ‘float core::Application::deferredRegenResolution_’
  190 |     float deferredRegenResolution_ = 1.0f; // v3.6.5
      |                                      ^~~~
/run/media/jpereiratrindade/labeco10T/dev/cpp/SisterAppEngine_base_v330/src/core/application.h:102:11: note: previous declaration ‘float core::Application::deferredRegenResolution_’
  102 |     float deferredRegenResolution_ = 1.0f; // v3.6.5
      |           ^~~~~~~~~~~~~~~~~~~~~~~~
/run/media/jpereiratrindade/labeco10T/dev/cpp/SisterAppEngine_base_v330/src/core/application.h:191:39: error: redeclaration of ‘float core::Application::deferredRegenPersistence_’
  191 |     float deferredRegenPersistence_ = 0.5f; // v3.7.1
      |                                       ^~~~
/run/media/jpereiratrindade/labeco10T/dev/cpp/SisterAppEngine_base_v330/src/core/application.h:103:11: note: previous declaration ‘float core::Application::deferredRegenPersistence_’
  103 |     float deferredRegenPersistence_ = 0.5f; // v3.7.1
      |           ^~~~~~~~~~~~~~~~~~~~~~~~~
/run/media/jpereiratrindade/labeco10T/dev/cpp/SisterAppEngine_base_v330/src/core/application.h:192:30: error: redeclaration of ‘float core::Application::worldResolution_’
  192 |     float worldResolution_ = 1.0f; // v3.6.5 Current active resolution
      |                              ^~~~
/run/media/jpereiratrindade/labeco10T/dev/cpp/SisterAppEngine_base_v330/src/core/application.h:106:11: note: previous declaration ‘float core::Application::worldResolution_’
  106 |     float worldResolution_ = 1.0f; // v3.6.5 Current active resolution
      |           ^~~~~~~~~~~~~~~~
make[2]: *** [CMakeFiles/sisterapp.dir/build.make:79: CMakeFiles/sisterapp.dir/main.cpp.o] Error 1
/run/media/jpereiratrindade/labeco10T/dev/cpp/SisterAppEngine_base_v330/src/core/application.cpp: In member function ‘void core::Application::init()’:
/run/media/jpereiratrindade/labeco10T/dev/cpp/SisterAppEngine_base_v330/src/core/application.cpp:153:25: error: qualified-id in declaration before ‘(’ token
  153 | void Application::render(size_t frameIndex) {
      |                         ^
/run/media/jpereiratrindade/labeco10T/dev/cpp/SisterAppEngine_base_v330/src/core/application.cpp:196:40: error: qualified-id in declaration before ‘(’ token
  196 | void Application::regenerateFiniteWorld(int size, float scale, float amplitude, float resolution, float persistence, int seed) {
      |                                        ^
/run/media/jpereiratrindade/labeco10T/dev/cpp/SisterAppEngine_base_v330/src/core/application.cpp:210:38: error: qualified-id in declaration before ‘(’ token
  210 | void Application::performRegeneration() {
      |                                      ^
/run/media/jpereiratrindade/labeco10T/dev/cpp/SisterAppEngine_base_v330/src/core/application.cpp:265:7: error: ‘else’ without a previous ‘if’
  265 |     } else {
      |       ^~~~
/run/media/jpereiratrindade/labeco10T/dev/cpp/SisterAppEngine_base_v330/src/core/application.cpp: In lambda function:
/run/media/jpereiratrindade/labeco10T/dev/cpp/SisterAppEngine_base_v330/src/core/application.cpp:309:40: error: no matching function for call to ‘core::Application::regenerateFiniteWorld(int&, float&, float&, float&, float&)’
  309 |             this->regenerateFiniteWorld(size, scale, amp, res, pers);
      |             ~~~~~~~~~~~~~~~~~~~~~~~~~~~^~~~~~~~~~~~~~~~~~~~~~~~~~~~~
/run/media/jpereiratrindade/labeco10T/dev/cpp/SisterAppEngine_base_v330/src/core/application.cpp:309:40: note: there is 1 candidate
/run/media/jpereiratrindade/labeco10T/dev/cpp/SisterAppEngine_base_v330/src/core/application.h:88:10: note: candidate 1: ‘void core::Application::regenerateFiniteWorld(int, float, float, float, float, int)’
   88 |     void regenerateFiniteWorld(int size, float scale, float amplitude, float resolution, float persistence, int seed); // v3.7.1
      |          ^~~~~~~~~~~~~~~~~~~~~
/run/media/jpereiratrindade/labeco10T/dev/cpp/SisterAppEngine_base_v330/src/core/application.h:88:10: note: candidate expects 6 arguments, 5 provided
/run/media/jpereiratrindade/labeco10T/dev/cpp/SisterAppEngine_base_v330/src/core/application.cpp: In member function ‘void core::Application::init()’:
/run/media/jpereiratrindade/labeco10T/dev/cpp/SisterAppEngine_base_v330/src/core/application.cpp:308:9: error: could not convert ‘<lambda closure object>core::Application::init()::<lambda(int, float, float, float, float)>{((core::Application*)this)}’ from ‘core::Application::init()::<lambda(int, float, float, float, float)>’ to ‘ui::Callbacks::RegenerateFiniteWorldCallback’ {aka ‘std::function<void(int, float, float, float, float, int)>’}
  308 |         [this](int size, float scale, float amp, float res, float pers) { // regenerateFiniteWorld
      |         ^~~~~~~~~~~~~~~~~~~~~~~~~~~~~~~~~~~~~~~~~~~~~~~~~~~~~~~~~~~~~~~~~~~~~~~~~~~~~~~~~~~~~~~~~~
      |         |
      |         core::Application::init()::<lambda(int, float, float, float, float)>
  309 |             this->regenerateFiniteWorld(size, scale, amp, res, pers);
      |             ~~~~~~~~~~~~~~~~~~~~~~~~~~~~~~~~~~~~~~~~~~~~~~~~~~~~~~~~~
  310 |         },
      |         ~
/run/media/jpereiratrindade/labeco10T/dev/cpp/SisterAppEngine_base_v330/src/core/application.cpp: In member function ‘void core::Application::processEvents(double)’:
/run/media/jpereiratrindade/labeco10T/dev/cpp/SisterAppEngine_base_v330/src/core/application.cpp:533:91: warning: conversion to ‘std::vector<float>::size_type’ {aka ‘long unsigned int’} from ‘int’ may change the sign of the result [-Wsign-conversion]
  533 |                          float flux = finiteMap_->fluxMap()[hitZ * finiteMap_->getWidth() + hitX];
      |                                                             ~~~~~~~~~~~~~~~~~~~~~~~~~~~~~~^~~~~~
/run/media/jpereiratrindade/labeco10T/dev/cpp/SisterAppEngine_base_v330/src/core/application.cpp:534:97: warning: conversion to ‘std::vector<int>::size_type’ {aka ‘long unsigned int’} from ‘int’ may change the sign of the result [-Wsign-conversion]
  534 |                          int basinID = finiteMap_->watershedMap()[hitZ * finiteMap_->getWidth() + hitX];
      |                                                                   ~~~~~~~~~~~~~~~~~~~~~~~~~~~~~~^~~~~~
make[2]: *** [CMakeFiles/sisterapp.dir/build.make:205: CMakeFiles/sisterapp.dir/src/core/application.cpp.o] Error 1
make[1]: *** [CMakeFiles/Makefile2:90: CMakeFiles/sisterapp.dir/all] Error 2
make: *** [Makefile:91: all] Error 2
